// Jest Snapshot v1, https://jestjs.io/docs/snapshot-testing

exports[`Traccar WS Message Characterization & Snapshot Parity records emitted socket events and matches snapshot fixture 1`] = `
[
  {
    "data": {
      "batteryLevel": null,
      "deviceId": 101,
      "engineControl": {
        "desired": "ACTIVE",
        "isApplied": true,
        "lastAppliedAt": "2026-09-20T08:00:00.000Z",
        "state": "ACTIVE",
      },
      "ignition": null,
      "internalBattery": null,
      "lastUpdate": "2026-09-20T10:00:00.000Z",
      "running": "UNKNOWN",
      "source": "traccar",
      "status": "offline",
      "voltage": null,
    },
    "event": "device-status",
  },
  {
    "data": {
      "batteryLevel": null,
      "deviceId": 102,
      "engineControl": {
        "desired": "ACTIVE",
        "isApplied": true,
        "lastAppliedAt": "2026-09-20T08:00:00.000Z",
        "state": "ACTIVE",
      },
      "ignition": false,
      "internalBattery": null,
      "lastUpdate": "2026-09-20T10:01:00.000Z",
      "running": null,
      "source": "traccar",
      "status": "online",
      "voltage": 12.4,
    },
    "event": "device-status",
  },
  {
    "data": {
      "batteryLevel": null,
      "deviceId": 103,
      "engineControl": {
        "desired": "ACTIVE",
        "isApplied": true,
        "lastAppliedAt": "2026-09-20T08:00:00.000Z",
        "state": "ACTIVE",
      },
      "ignition": null,
      "internalBattery": null,
      "lastUpdate": "2026-09-20T10:02:00.000Z",
      "running": "UNKNOWN",
      "source": "traccar",
      "status": "offline",
      "voltage": null,
    },
    "event": "device-status",
  },
  {
    "data": {
      "batteryLevel": null,
      "deviceId": 104,
      "engineControl": {
        "desired": "ACTIVE",
        "isApplied": true,
        "lastAppliedAt": "2026-09-20T08:00:00.000Z",
        "state": "ACTIVE",
      },
      "ignition": false,
      "internalBattery": null,
      "lastUpdate": "2026-09-20T10:03:00.000Z",
      "running": null,
      "source": "traccar",
      "status": "online",
      "voltage": 12.4,
    },
    "event": "device-status",
  },
  {
    "data": {
      "batteryLevel": null,
      "deviceId": 105,
      "engineControl": {
        "desired": "ACTIVE",
        "isApplied": true,
        "lastAppliedAt": "2026-09-20T08:00:00.000Z",
        "state": "ACTIVE",
      },
      "ignition": null,
      "internalBattery": null,
      "lastUpdate": "2026-09-20T10:04:00.000Z",
      "running": "UNKNOWN",
      "source": "traccar",
      "status": "offline",
      "voltage": null,
    },
    "event": "device-status",
  },
  {
    "data": {
      "batteryLevel": null,
      "deviceId": 106,
      "engineControl": {
        "desired": "ACTIVE",
        "isApplied": true,
        "lastAppliedAt": "2026-09-20T08:00:00.000Z",
        "state": "ACTIVE",
      },
      "ignition": false,
      "internalBattery": null,
      "lastUpdate": "2026-09-20T10:05:00.000Z",
      "running": null,
      "source": "traccar",
      "status": "online",
      "voltage": 12.4,
    },
    "event": "device-status",
  },
  {
    "data": {
      "batteryLevel": null,
      "deviceId": 107,
      "engineControl": {
        "desired": "ACTIVE",
        "isApplied": true,
        "lastAppliedAt": "2026-09-20T08:00:00.000Z",
        "state": "ACTIVE",
      },
      "ignition": null,
      "internalBattery": null,
      "lastUpdate": "2026-09-20T10:06:00.000Z",
      "running": "UNKNOWN",
      "source": "traccar",
      "status": "offline",
      "voltage": null,
    },
    "event": "device-status",
  },
  {
    "data": {
      "batteryLevel": null,
      "deviceId": 108,
      "engineControl": {
        "desired": "ACTIVE",
        "isApplied": true,
        "lastAppliedAt": "2026-09-20T08:00:00.000Z",
        "state": "ACTIVE",
      },
      "ignition": false,
      "internalBattery": null,
      "lastUpdate": "2026-09-20T10:07:00.000Z",
      "running": null,
      "source": "traccar",
      "status": "online",
      "voltage": 12.4,
    },
    "event": "device-status",
  },
  {
    "data": {
      "batteryLevel": null,
      "deviceId": 109,
      "engineControl": {
        "desired": "ACTIVE",
        "isApplied": true,
        "lastAppliedAt": "2026-09-20T08:00:00.000Z",
        "state": "ACTIVE",
      },
      "ignition": null,
      "internalBattery": null,
      "lastUpdate": "2026-09-20T10:08:00.000Z",
      "running": "UNKNOWN",
      "source": "traccar",
      "status": "offline",
      "voltage": null,
    },
    "event": "device-status",
  },
  {
    "data": {
      "batteryLevel": null,
      "deviceId": 110,
      "engineControl": {
        "desired": "ACTIVE",
        "isApplied": true,
        "lastAppliedAt": "2026-09-20T08:00:00.000Z",
        "state": "ACTIVE",
      },
      "ignition": false,
      "internalBattery": null,
      "lastUpdate": "2026-09-20T10:09:00.000Z",
      "running": null,
      "source": "traccar",
      "status": "online",
      "voltage": 12.4,
    },
    "event": "device-status",
  },
  {
    "data": {
      "batteryLevel": null,
      "deviceId": 101,
      "engineControl": {
        "desired": "ACTIVE",
        "isApplied": true,
        "lastAppliedAt": "2026-09-20T08:00:00.000Z",
        "state": "ACTIVE",
      },
      "ignition": false,
      "internalBattery": null,
      "lastUpdate": "2026-09-20T10:00:00.000Z",
      "running": null,
      "source": "traccar",
      "status": "online",
      "voltage": 12.4,
    },
    "event": "device-status",
  },
  {
    "data": {
      "batteryLevel": null,
      "deviceId": 102,
      "engineControl": {
        "desired": "ACTIVE",
        "isApplied": true,
        "lastAppliedAt": "2026-09-20T08:00:00.000Z",
        "state": "ACTIVE",
      },
      "ignition": null,
      "internalBattery": null,
      "lastUpdate": "2026-09-20T10:01:00.000Z",
      "running": "UNKNOWN",
      "source": "traccar",
      "status": "offline",
      "voltage": null,
    },
    "event": "device-status",
  },
  {
    "data": {
      "altitude": 15,
      "attributes": {
        "ignition": true,
        "power": 13.2,
      },
      "course": 90,
      "deviceId": 101,
      "deviceTime": "2026-09-20T10:00:00.000Z",
      "ignition": true,
      "latitude": -6.2,
      "longitude": 106.8,
      "source": "traccar",
      "speed": 18.52,
      "valid": true,
      "voltage": 13.2,
    },
    "event": "position",
  },
  {
    "data": {
      "batteryLevel": null,
      "deviceId": 101,
      "engineControl": {
        "desired": "ACTIVE",
        "isApplied": true,
        "lastAppliedAt": "2026-09-20T08:00:00.000Z",
        "state": "ACTIVE",
      },
      "ignition": true,
      "internalBattery": null,
      "lastUpdate": "2026-09-20T10:00:00.000Z",
      "running": "UNKNOWN",
      "source": "traccar",
      "status": "online",
      "voltage": 13.2,
    },
    "event": "device-status",
  },
  {
    "data": {
      "altitude": 15,
      "attributes": {
        "ignition": true,
        "power": 13.2,
      },
      "course": 90,
      "deviceId": 102,
      "deviceTime": "2026-09-20T10:01:00.000Z",
      "ignition": true,
      "latitude": -6.19,
      "longitude": 106.81,
      "source": "traccar",
      "speed": 20.37,
      "valid": true,
      "voltage": 13.2,
    },
    "event": "position",
  },
  {
    "data": {
      "batteryLevel": null,
      "deviceId": 102,
      "engineControl": {
        "desired": "ACTIVE",
        "isApplied": true,
        "lastAppliedAt": "2026-09-20T08:00:00.000Z",
        "state": "ACTIVE",
      },
      "ignition": true,
      "internalBattery": null,
      "lastUpdate": "2026-09-20T10:01:00.000Z",
      "running": "UNKNOWN",
      "source": "traccar",
      "status": "online",
      "voltage": 13.2,
    },
    "event": "device-status",
  },
  {
    "data": {
      "altitude": 15,
      "attributes": {
        "ignition": true,
        "power": 13.2,
      },
      "course": 90,
      "deviceId": 103,
      "deviceTime": "2026-09-20T10:02:00.000Z",
      "ignition": true,
      "latitude": -6.180000000000001,
      "longitude": 106.82,
      "source": "traccar",
      "speed": 22.22,
      "valid": true,
      "voltage": 13.2,
    },
    "event": "position",
  },
  {
    "data": {
      "batteryLevel": null,
      "deviceId": 103,
      "engineControl": {
        "desired": "ACTIVE",
        "isApplied": true,
        "lastAppliedAt": "2026-09-20T08:00:00.000Z",
        "state": "ACTIVE",
      },
      "ignition": true,
      "internalBattery": null,
      "lastUpdate": "2026-09-20T10:02:00.000Z",
      "running": "UNKNOWN",
      "source": "traccar",
      "status": "online",
      "voltage": 13.2,
    },
    "event": "device-status",
  },
  {
    "data": {
      "altitude": 15,
      "attributes": {
        "ignition": true,
        "power": 13.2,
      },
      "course": 90,
      "deviceId": 104,
      "deviceTime": "2026-09-20T10:03:00.000Z",
      "ignition": true,
      "latitude": -6.17,
      "longitude": 106.83,
      "source": "traccar",
      "speed": 24.08,
      "valid": true,
      "voltage": 13.2,
    },
    "event": "position",
  },
  {
    "data": {
      "batteryLevel": null,
      "deviceId": 104,
      "engineControl": {
        "desired": "ACTIVE",
        "isApplied": true,
        "lastAppliedAt": "2026-09-20T08:00:00.000Z",
        "state": "ACTIVE",
      },
      "ignition": true,
      "internalBattery": null,
      "lastUpdate": "2026-09-20T10:03:00.000Z",
      "running": "UNKNOWN",
      "source": "traccar",
      "status": "online",
      "voltage": 13.2,
    },
    "event": "device-status",
  },
  {
    "data": {
      "altitude": 15,
      "attributes": {
        "ignition": true,
        "power": 13.2,
      },
      "course": 90,
      "deviceId": 105,
      "deviceTime": "2026-09-20T10:04:00.000Z",
      "ignition": true,
      "latitude": -6.16,
      "longitude": 106.84,
      "source": "traccar",
      "speed": 25.93,
      "valid": true,
      "voltage": 13.2,
    },
    "event": "position",
  },
  {
    "data": {
      "batteryLevel": null,
      "deviceId": 105,
      "engineControl": {
        "desired": "ACTIVE",
        "isApplied": true,
        "lastAppliedAt": "2026-09-20T08:00:00.000Z",
        "state": "ACTIVE",
      },
      "ignition": true,
      "internalBattery": null,
      "lastUpdate": "2026-09-20T10:04:00.000Z",
      "running": "UNKNOWN",
      "source": "traccar",
      "status": "online",
      "voltage": 13.2,
    },
    "event": "device-status",
  },
  {
    "data": {
      "altitude": 15,
      "attributes": {
        "ignition": true,
        "power": 13.2,
      },
      "course": 90,
      "deviceId": 106,
      "deviceTime": "2026-09-20T10:05:00.000Z",
      "ignition": true,
      "latitude": -6.15,
      "longitude": 106.85,
      "source": "traccar",
      "speed": 27.78,
      "valid": true,
      "voltage": 13.2,
    },
    "event": "position",
  },
  {
    "data": {
      "batteryLevel": null,
      "deviceId": 106,
      "engineControl": {
        "desired": "ACTIVE",
        "isApplied": true,
        "lastAppliedAt": "2026-09-20T08:00:00.000Z",
        "state": "ACTIVE",
      },
      "ignition": true,
      "internalBattery": null,
      "lastUpdate": "2026-09-20T10:05:00.000Z",
      "running": "UNKNOWN",
      "source": "traccar",
      "status": "online",
      "voltage": 13.2,
    },
    "event": "device-status",
  },
  {
    "data": {
      "altitude": 15,
      "attributes": {
        "ignition": true,
        "power": 13.2,
      },
      "course": 90,
      "deviceId": 107,
      "deviceTime": "2026-09-20T10:06:00.000Z",
      "ignition": true,
      "latitude": -6.140000000000001,
      "longitude": 106.86,
      "source": "traccar",
      "speed": 29.63,
      "valid": true,
      "voltage": 13.2,
    },
    "event": "position",
  },
  {
    "data": {
      "batteryLevel": null,
      "deviceId": 107,
      "engineControl": {
        "desired": "ACTIVE",
        "isApplied": true,
        "lastAppliedAt": "2026-09-20T08:00:00.000Z",
        "state": "ACTIVE",
      },
      "ignition": true,
      "internalBattery": null,
      "lastUpdate": "2026-09-20T10:06:00.000Z",
      "running": "UNKNOWN",
      "source": "traccar",
      "status": "online",
      "voltage": 13.2,
    },
    "event": "device-status",
  },
  {
    "data": {
      "altitude": 15,
      "attributes": {
        "ignition": true,
        "power": 13.2,
      },
      "course": 90,
      "deviceId": 108,
      "deviceTime": "2026-09-20T10:07:00.000Z",
      "ignition": true,
      "latitude": -6.13,
      "longitude": 106.86999999999999,
      "source": "traccar",
      "speed": 31.48,
      "valid": true,
      "voltage": 13.2,
    },
    "event": "position",
  },
  {
    "data": {
      "batteryLevel": null,
      "deviceId": 108,
      "engineControl": {
        "desired": "ACTIVE",
        "isApplied": true,
        "lastAppliedAt": "2026-09-20T08:00:00.000Z",
        "state": "ACTIVE",
      },
      "ignition": true,
      "internalBattery": null,
      "lastUpdate": "2026-09-20T10:07:00.000Z",
      "running": "UNKNOWN",
      "source": "traccar",
      "status": "online",
      "voltage": 13.2,
    },
    "event": "device-status",
  },
  {
    "data": {
      "altitude": 15,
      "attributes": {
        "ignition": true,
        "power": 13.2,
      },
      "course": 90,
      "deviceId": 109,
      "deviceTime": "2026-09-20T10:08:00.000Z",
      "ignition": true,
      "latitude": -6.12,
      "longitude": 106.88,
      "source": "traccar",
      "speed": 33.34,
      "valid": true,
      "voltage": 13.2,
    },
    "event": "position",
  },
  {
    "data": {
      "batteryLevel": null,
      "deviceId": 109,
      "engineControl": {
        "desired": "ACTIVE",
        "isApplied": true,
        "lastAppliedAt": "2026-09-20T08:00:00.000Z",
        "state": "ACTIVE",
      },
      "ignition": true,
      "internalBattery": null,
      "lastUpdate": "2026-09-20T10:08:00.000Z",
      "running": "UNKNOWN",
      "source": "traccar",
      "status": "online",
      "voltage": 13.2,
    },
    "event": "device-status",
  },
  {
    "data": {
      "altitude": 15,
      "attributes": {
        "ignition": true,
        "power": 13.2,
      },
      "course": 90,
      "deviceId": 110,
      "deviceTime": "2026-09-20T10:09:00.000Z",
      "ignition": true,
      "latitude": -6.11,
      "longitude": 106.89,
      "source": "traccar",
      "speed": 35.19,
      "valid": true,
      "voltage": 13.2,
    },
    "event": "position",
  },
  {
    "data": {
      "batteryLevel": null,
      "deviceId": 110,
      "engineControl": {
        "desired": "ACTIVE",
        "isApplied": true,
        "lastAppliedAt": "2026-09-20T08:00:00.000Z",
        "state": "ACTIVE",
      },
      "ignition": true,
      "internalBattery": null,
      "lastUpdate": "2026-09-20T10:09:00.000Z",
      "running": "UNKNOWN",
      "source": "traccar",
      "status": "online",
      "voltage": 13.2,
    },
    "event": "device-status",
  },
]
`;
